BL51 BANKED LINKER/LOCATER V6.22                                                        03/11/2014  13:42:57  PAGE 1


BL51 BANKED LINKER/LOCATER V6.22, INVOKED BY:
C:\KEIL\C51\BIN\BL51.EXE STARTUP.obj, 1101.obj, LCD12864A.obj, main.obj, server.obj TO 节点1 RAMSIZE (256)


MEMORY MODEL: SMALL


INPUT MODULES INCLUDED:
  STARTUP.obj (?C_STARTUP)
  1101.obj (1101)
  LCD12864A.obj (LCD12864A)
  main.obj (MAIN)
  server.obj (SERVER)
  C:\KEIL\C51\LIB\C51S.LIB (?C_INIT)
  C:\KEIL\C51\LIB\C51S.LIB (?C?COPY)
  C:\KEIL\C51\LIB\C51S.LIB (?C?CLDPTR)
  C:\KEIL\C51\LIB\C51S.LIB (?C?CLDOPTR)
  C:\KEIL\C51\LIB\C51S.LIB (?C?CSTPTR)
  C:\KEIL\C51\LIB\C51S.LIB (?C?CSTOPTR)
  C:\KEIL\C51\LIB\C51S.LIB (?C?IMUL)
  C:\KEIL\C51\LIB\C51S.LIB (?C?UIDIV)
  C:\KEIL\C51\LIB\C51S.LIB (?C?SIDIV)


LINK MAP OF MODULE:  节点1 (?C_STARTUP)


            TYPE    BASE      LENGTH    RELOCATION   SEGMENT NAME
            -----------------------------------------------------

            * * * * * * *   D A T A   M E M O R Y   * * * * * * *
            REG     0000H     0008H     ABSOLUTE     "REG BANK 0"
            DATA    0008H     0025H     UNIT         ?DT?1101
            DATA    002DH     0016H     UNIT         _DATA_GROUP_
            DATA    0043H     0007H     UNIT         ?DT?_SENDPACKET?1101
            DATA    004AH     0006H     UNIT         ?DT?_DISDATE_B?LCD12864A
            DATA    0050H     0004H     UNIT         ?DT?_CWPR?LCD12864A
            DATA    0054H     0004H     UNIT         ?DT?_CWPR16?LCD12864A
            DATA    0058H     0004H     UNIT         ?DT?_WRITEONE?LCD12864A
            DATA    005CH     0004H     UNIT         ?DT?_WRITEONEBIG?LCD12864A
            DATA    0060H     0004H     UNIT         ?DT?_DISPCHAR_BIG?LCD12864A
            DATA    0064H     0003H     UNIT         ?DT?_CCWPR?LCD12864A
            DATA    0067H     0003H     UNIT         ?DT?_PRINT_STRING?SERVER
            DATA    006AH     0001H     UNIT         ?DT?MAIN
            DATA    006BH     0001H     UNIT         ?DT?_SEND_INT8?SERVER
            IDATA   006CH     0001H     UNIT         ?STACK

            * * * * * * *  X D A T A   M E M O R Y  * * * * * * *
            XDATA   0000H     0019H     UNIT         _XDATA_GROUP_
            XDATA   0019H     0008H     UNIT         ?XD?_SENDPACKET?1101
            XDATA   0021H     0008H     UNIT         ?XD?MAIN
            XDATA   0029H     0005H     UNIT         ?XD?_DISPCHAR_BIG?LCD12864A

            * * * * * * *   C O D E   M E M O R Y   * * * * * * *
            CODE    0000H     0003H     ABSOLUTE     
            CODE    0003H     09C5H     UNIT         ?CO?LCD12864A
            CODE    09C8H     04EFH     UNIT         ?PR?MAIN?MAIN
            CODE    0EB7H     020DH     UNIT         ?C?LIB_CODE
BL51 BANKED LINKER/LOCATER V6.22                                                      03/11/2014  13:42:57  PAGE 2


            CODE    10C4H     0118H     UNIT         ?PR?CLR_BLANK?LCD12864A
            CODE    11DCH     010EH     UNIT         ?PR?_DISPCHAR_BIG?LCD12864A
            CODE    12EAH     00FFH     UNIT         ?PR?ENTERMENU?LCD12864A
            CODE    13E9H     00F5H     UNIT         ?PR?HALRFWRITERFSETTINGS?1101
            CODE    14DEH     00A5H     UNIT         ?PR?_HALRFRECEIVEPACKET?1101
            CODE    1583H     009FH     UNIT         ?PR?_SENDPACKET?1101
            CODE    1622H     0094H     UNIT         ?PR?_WRITEONEBIG?LCD12864A
            CODE    16B6H     008CH     UNIT         ?C_C51STARTUP
            CODE    1742H     008AH     UNIT         ?PR?_WRITEONE?LCD12864A
            CODE    17CCH     0089H     UNIT         ?PR?_WRITEDIGITAL?LCD12864A
            CODE    1855H     0086H     UNIT         ?PR?_CWPR16?LCD12864A
            CODE    18DBH     006EH     UNIT         ?PR?_SEND_INT8?SERVER
            CODE    1949H     0068H     UNIT         ?PR?_RECEIVEPACKET?1101
            CODE    19B1H     0062H     UNIT         ?PR?_DISPCHAR?LCD12864A
            CODE    1A13H     0054H     UNIT         ?PR?_DISDATE_B?LCD12864A
            CODE    1A67H     0049H     UNIT         ?PR?_CWPR?LCD12864A
            CODE    1AB0H     0046H     UNIT         ?PR?_DISDATE_A?LCD12864A
            CODE    1AF6H     0042H     UNIT         ?PR?_CCWPR?LCD12864A
            CODE    1B38H     003FH     UNIT         ?PR?LCD_INIT?LCD12864A
            CODE    1B77H     0036H     UNIT         ?C_INITSEG
            CODE    1BADH     0034H     UNIT         ?PR?_HALSPIREADBURSTREG?1101
            CODE    1BE1H     0032H     UNIT         ?PR?_HALSPIWRITEBURSTREG?1101
            CODE    1C13H     002CH     UNIT         ?PR?_WDATA?LCD12864A
            CODE    1C3FH     002AH     UNIT         ?PR?_SPITXRXBYTE?1101
            CODE    1C69H     0025H     UNIT         ?PR?_WRITE?LCD12864A
            CODE    1C8EH     0025H     UNIT         ?PR?_PRINT_STRING?SERVER
            CODE    1CB3H     0024H     UNIT         ?PR?_HALRFSENDPACKET?1101
            CODE    1CD7H     0023H     UNIT         ?PR?_DELAY?1101
            CODE    1CFAH     0023H     UNIT         ?PR?GETRSSI?1101
            CODE    1D1DH     0023H     UNIT         ?PR?DELAY1?LCD12864A
            CODE    1D40H     001EH     UNIT         ?PR?POWER_UP_RESET_CC1101?1101
            CODE    1D5EH     0019H     UNIT         ?PR?_HALWAIT?1101
            CODE    1D77H     0019H     UNIT         ?PR?_DELAY_MS?SERVER
            CODE    1D90H     0016H     UNIT         ?PR?_WCOM?LCD12864A
            CODE    1DA6H     0014H     UNIT         ?PR?_HALSPIREADREG?1101
            CODE    1DBAH     0014H     UNIT         ?PR?_HALSPIREADSTATUS?1101
            CODE    1DCEH     0012H     UNIT         ?PR?_HALSPIWRITEREG?1101
            CODE    1DE0H     0010H     UNIT         ?PR?RESET_CC1101?1101
            CODE    1DF0H     0010H     UNIT         ?CO?1101
            CODE    1E00H     0010H     UNIT         ?PR?DELAY_1MS?SERVER
            CODE    1E10H     000FH     UNIT         ?PR?UART_INIT?SERVER
            CODE    1E1FH     000EH     UNIT         ?CO?MAIN
            CODE    1E2DH     000BH     UNIT         ?PR?_HALSPISTROBE?1101
            CODE    1E38H     000AH     UNIT         ?PR?CPUINIT?1101
            CODE    1E42H     0009H     UNIT         ?PR?DELAY_LCD?LCD12864A
            CODE    1E4BH     0008H     UNIT         ?PR?_SENDCHAR?SERVER
            CODE    1E53H     0008H     UNIT         ?PR?UART_RECEIVECHAR?SERVER
            CODE    1E5BH     0007H     UNIT         ?PR?SPIINIT?1101
            CODE    1E62H     0005H     UNIT         ?PR?SETRXMODE?1101



OVERLAY MAP OF MODULE:   节点1 (?C_STARTUP)


SEGMENT                                  DATA_GROUP          XDATA_GROUP
  +--> CALLED SEGMENT                  START    LENGTH     START    LENGTH
BL51 BANKED LINKER/LOCATER V6.22                                                      03/11/2014  13:42:57  PAGE 3


--------------------------------------------------------------------------
?C_C51STARTUP                          -----    -----      -----    -----
  +--> ?PR?MAIN?MAIN
  +--> ?C_INITSEG

?PR?MAIN?MAIN                          002DH    0001H      0000H    0011H
  +--> ?CO?MAIN
  +--> ?PR?LCD_INIT?LCD12864A
  +--> ?PR?DELAY1?LCD12864A
  +--> ?PR?_DISDATE_A?LCD12864A
  +--> ?PR?CPUINIT?1101
  +--> ?PR?POWER_UP_RESET_CC1101?1101
  +--> ?PR?HALRFWRITERFSETTINGS?1101
  +--> ?PR?_HALSPIWRITEBURSTREG?1101
  +--> ?PR?_HALRFSENDPACKET?1101
  +--> ?PR?_DELAY_MS?SERVER
  +--> ?PR?_DISPCHAR?LCD12864A
  +--> ?PR?_RECEIVEPACKET?1101

?PR?LCD_INIT?LCD12864A                 -----    -----      -----    -----
  +--> ?PR?DELAY_LCD?LCD12864A
  +--> ?PR?_WCOM?LCD12864A

?PR?_WCOM?LCD12864A                    -----    -----      -----    -----
  +--> ?PR?_WRITE?LCD12864A

?PR?_DISDATE_A?LCD12864A               002EH    0005H      -----    -----
  +--> ?PR?_WCOM?LCD12864A
  +--> ?PR?_WDATA?LCD12864A

?PR?_WDATA?LCD12864A                   -----    -----      -----    -----
  +--> ?CO?LCD12864A
  +--> ?PR?_WRITE?LCD12864A

?PR?CPUINIT?1101                       -----    -----      -----    -----
  +--> ?PR?SPIINIT?1101
  +--> ?PR?_DELAY?1101

?PR?POWER_UP_RESET_CC1101?1101         -----    -----      -----    -----
  +--> ?PR?_HALWAIT?1101
  +--> ?PR?RESET_CC1101?1101

?PR?RESET_CC1101?1101                  -----    -----      -----    -----
  +--> ?PR?_SPITXRXBYTE?1101

?PR?HALRFWRITERFSETTINGS?1101          -----    -----      -----    -----
  +--> ?PR?_HALSPIWRITEREG?1101

?PR?_HALSPIWRITEREG?1101               -----    -----      -----    -----
  +--> ?PR?_SPITXRXBYTE?1101

?PR?_HALSPIWRITEBURSTREG?1101          0036H    0005H      -----    -----
  +--> ?PR?_SPITXRXBYTE?1101

?PR?_HALRFSENDPACKET?1101              0035H    0001H      -----    -----
  +--> ?PR?_HALSPIWRITEREG?1101
  +--> ?PR?_HALSPIWRITEBURSTREG?1101
BL51 BANKED LINKER/LOCATER V6.22                                                      03/11/2014  13:42:57  PAGE 4


  +--> ?PR?_HALSPISTROBE?1101

?PR?_HALSPISTROBE?1101                 -----    -----      -----    -----
  +--> ?PR?_SPITXRXBYTE?1101

?PR?_DELAY_MS?SERVER                   -----    -----      -----    -----
  +--> ?PR?DELAY_1MS?SERVER

?PR?_DISPCHAR?LCD12864A                002EH    0006H      -----    -----
  +--> ?PR?_WRITEDIGITAL?LCD12864A

?PR?_WRITEDIGITAL?LCD12864A            0034H    0004H      -----    -----
  +--> ?PR?_WCOM?LCD12864A
  +--> ?CO?LCD12864A
  +--> ?PR?_WDATA?LCD12864A

?PR?_RECEIVEPACKET?1101                002EH    0007H      0011H    0008H
  +--> ?CO?1101
  +--> ?PR?_HALRFRECEIVEPACKET?1101
  +--> ?PR?_HALSPIREADSTATUS?1101
  +--> ?PR?_HALRFSENDPACKET?1101

?PR?_HALRFRECEIVEPACKET?1101           0035H    0009H      -----    -----
  +--> ?PR?_HALSPISTROBE?1101
  +--> ?PR?_DELAY?1101
  +--> ?PR?_HALSPIREADSTATUS?1101
  +--> ?PR?_HALSPIREADREG?1101
  +--> ?PR?_HALSPIREADBURSTREG?1101

?PR?_HALSPIREADSTATUS?1101             -----    -----      -----    -----
  +--> ?PR?_SPITXRXBYTE?1101

?PR?_HALSPIREADREG?1101                -----    -----      -----    -----
  +--> ?PR?_SPITXRXBYTE?1101

?PR?_HALSPIREADBURSTREG?1101           003EH    0005H      -----    -----
  +--> ?PR?_SPITXRXBYTE?1101



SYMBOL TABLE OF MODULE:  节点1 (?C_STARTUP)

  VALUE           TYPE          NAME
  ----------------------------------

  -------         MODULE        ?C_STARTUP
  C:16B6H         SEGMENT       ?C_C51STARTUP
  I:006CH         SEGMENT       ?STACK
  C:0000H         PUBLIC        ?C_STARTUP
  D:00E0H         SYMBOL        ACC
  D:00F0H         SYMBOL        B
  D:0083H         SYMBOL        DPH
  D:0082H         SYMBOL        DPL
  N:0000H         SYMBOL        IBPSTACK
  N:0100H         SYMBOL        IBPSTACKTOP
  N:0080H         SYMBOL        IDATALEN
  C:16B9H         SYMBOL        IDATALOOP
BL51 BANKED LINKER/LOCATER V6.22                                                      03/11/2014  13:42:57  PAGE 5


  N:0000H         SYMBOL        PBPSTACK
  N:0100H         SYMBOL        PBPSTACKTOP
  N:0000H         SYMBOL        PDATALEN
  N:0000H         SYMBOL        PDATASTART
  N:0000H         SYMBOL        PPAGE
  N:0000H         SYMBOL        PPAGEENABLE
  D:00A0H         SYMBOL        PPAGE_SFR
  D:0081H         SYMBOL        SP
  C:16B6H         SYMBOL        STARTUP1
  N:0000H         SYMBOL        XBPSTACK
  N:0000H         SYMBOL        XBPSTACKTOP
  N:0000H         SYMBOL        XDATALEN
  N:0000H         SYMBOL        XDATASTART
  C:0000H         LINE#         126
  C:16B6H         LINE#         133
  C:16B8H         LINE#         134
  C:16B9H         LINE#         135
  C:16BAH         LINE#         136
  C:16BCH         LINE#         185
  C:16BFH         LINE#         196
  -------         ENDMOD        ?C_STARTUP

  -------         MODULE        1101
  C:0000H         SYMBOL        _ICE_DUMMY_
  D:0080H         PUBLIC        P0
  D:0090H         PUBLIC        P1
  D:00A0H         PUBLIC        P2
  D:00B0H         PUBLIC        P3
  D:00C0H         PUBLIC        P4
  C:1DA6H         PUBLIC        _halSpiReadReg
  B:0080H.4       PUBLIC        GDO0
  D:00A8H         PUBLIC        IE
  C:13E9H         PUBLIC        halRfWriteRfSettings
  C:1CD7H         PUBLIC        _delay
  C:1DCEH         PUBLIC        _halSpiWriteReg
  C:14DEH         PUBLIC        _halRfReceivePacket
  C:1BADH         PUBLIC        _halSpiReadBurstReg
  D:00B8H         PUBLIC        IP
  C:1E62H         PUBLIC        setRxMode
  C:1949H         PUBLIC        _ReceivePacket
  C:1D40H         PUBLIC        POWER_UP_RESET_CC1101
  C:1BE1H         PUBLIC        _halSpiWriteBurstReg
  D:0008H         PUBLIC        rfSettings
  C:1DE0H         PUBLIC        RESET_CC1101
  D:0098H         PUBLIC        SCON
  D:0089H         PUBLIC        TMOD
  D:0088H         PUBLIC        TCON
  B:0090H.2       PUBLIC        MOSI
  B:0090H.1       PUBLIC        MISO
  C:1E38H         PUBLIC        CpuInit
  C:1DF0H         SYMBOL        _?ix1000
  C:1DF8H         SYMBOL        _?ix1001
  C:1E5BH         PUBLIC        SpiInit
  B:0088H.5       PUBLIC        TF0
  D:008CH         PUBLIC        TH0
  C:1D5EH         PUBLIC        _halWait
  D:008AH         PUBLIC        TL0
BL51 BANKED LINKER/LOCATER V6.22                                                      03/11/2014  13:42:57  PAGE 6


  B:0088H.4       PUBLIC        TR0
  C:1E2DH         PUBLIC        _halSpiStrobe
  C:1CB3H         PUBLIC        _halRfSendPacket
  C:1C3FH         PUBLIC        _SpiTxRxByte
  B:0080H.2       PUBLIC        SCK
  B:0090H.0       PUBLIC        CSN
  C:1CFAH         PUBLIC        GetRSSI
  D:00C8H         PUBLIC        T2CON
  C:1583H         PUBLIC        _SendPacket
  D:002BH         PUBLIC        j
  C:1DBAH         PUBLIC        _halSpiReadStatus
  D:00D0H         PUBLIC        PSW
  -------         PROC          _DELAY
  D:0006H         SYMBOL        s
  -------         DO            
  D:0004H         SYMBOL        i
  -------         ENDDO         
  C:1CD7H         LINE#         59
  C:1CD7H         LINE#         60
  C:1CD7H         LINE#         62
  C:1CE8H         LINE#         63
  C:1CF9H         LINE#         64
  -------         ENDPROC       _DELAY
  -------         PROC          _HALWAIT
  D:0006H         SYMBOL        timeout
  C:1D5EH         LINE#         67
  C:1D5EH         LINE#         68
  C:1D5EH         LINE#         69
  C:1D5FH         LINE#         70
  C:1D60H         LINE#         71
  C:1D61H         LINE#         72
  C:1D62H         LINE#         73
  C:1D63H         LINE#         74
  C:1D64H         LINE#         75
  C:1D65H         LINE#         76
  C:1D66H         LINE#         77
  C:1D67H         LINE#         78
  C:1D68H         LINE#         79
  C:1D69H         LINE#         80
  C:1D6AH         LINE#         81
  C:1D6BH         LINE#         82
  C:1D6CH         LINE#         83
  C:1D6DH         LINE#         84
  C:1D76H         LINE#         85
  -------         ENDPROC       _HALWAIT
  -------         PROC          SPIINIT
  C:1E5BH         LINE#         88
  C:1E5BH         LINE#         89
  C:1E5BH         LINE#         90
  C:1E5DH         LINE#         91
  C:1E5FH         LINE#         92
  C:1E61H         LINE#         93
  -------         ENDPROC       SPIINIT
  -------         PROC          CPUINIT
  C:1E38H         LINE#         101
  C:1E38H         LINE#         102
  C:1E38H         LINE#         103
BL51 BANKED LINKER/LOCATER V6.22                                                      03/11/2014  13:42:57  PAGE 7


  C:1E3BH         LINE#         104
  -------         ENDPROC       CPUINIT
  -------         PROC          _SPITXRXBYTE
  D:0007H         SYMBOL        dat
  -------         DO            
  D:0005H         SYMBOL        i
  D:0006H         SYMBOL        temp
  -------         ENDDO         
  C:1C3FH         LINE#         114
  C:1C3FH         LINE#         115
  C:1C3FH         LINE#         117
  C:1C41H         LINE#         119
  C:1C43H         LINE#         120
  C:1C44H         LINE#         121
  C:1C44H         LINE#         122
  C:1C48H         LINE#         123
  C:1C48H         LINE#         124
  C:1C4AH         LINE#         125
  C:1C4CH         LINE#         126
  C:1C4EH         LINE#         127
  C:1C52H         LINE#         129
  C:1C54H         LINE#         130
  C:1C55H         LINE#         131
  C:1C56H         LINE#         133
  C:1C5AH         LINE#         134
  C:1C5EH         LINE#         135
  C:1C60H         LINE#         136
  C:1C61H         LINE#         137
  C:1C62H         LINE#         138
  C:1C66H         LINE#         139
  C:1C68H         LINE#         140
  -------         ENDPROC       _SPITXRXBYTE
  -------         PROC          RESET_CC1101
  C:1DE0H         LINE#         148
  C:1DE0H         LINE#         149
  C:1DE0H         LINE#         150
  C:1DE2H         LINE#         151
  C:1DE5H         LINE#         152
  C:1DEAH         LINE#         153
  C:1DEDH         LINE#         154
  C:1DEFH         LINE#         155
  -------         ENDPROC       RESET_CC1101
  -------         PROC          POWER_UP_RESET_CC1101
  C:1D40H         LINE#         163
  C:1D40H         LINE#         164
  C:1D40H         LINE#         165
  C:1D42H         LINE#         166
  C:1D49H         LINE#         167
  C:1D4BH         LINE#         168
  C:1D52H         LINE#         169
  C:1D54H         LINE#         170
  C:1D5BH         LINE#         171
  -------         ENDPROC       POWER_UP_RESET_CC1101
  -------         PROC          _HALSPIWRITEREG
  D:0007H         SYMBOL        addr
  D:0004H         SYMBOL        value
  C:1DCEH         LINE#         180
BL51 BANKED LINKER/LOCATER V6.22                                                      03/11/2014  13:42:57  PAGE 8


  C:1DD0H         LINE#         181
  C:1DD0H         LINE#         182
  C:1DD2H         LINE#         183
  C:1DD5H         LINE#         184
  C:1DD8H         LINE#         185
  C:1DDDH         LINE#         186
  C:1DDFH         LINE#         187
  -------         ENDPROC       _HALSPIWRITEREG
  -------         PROC          _HALSPIWRITEBURSTREG
  D:0007H         SYMBOL        addr
  D:0037H         SYMBOL        buffer
  D:003AH         SYMBOL        count
  -------         DO            
  D:0004H         SYMBOL        i
  D:0007H         SYMBOL        temp
  -------         ENDDO         
  C:1BE1H         LINE#         195
  C:1BE7H         LINE#         196
  C:1BE7H         LINE#         198
  C:1BEBH         LINE#         199
  C:1BEDH         LINE#         200
  C:1BF0H         LINE#         201
  C:1BF3H         LINE#         202
  C:1BFBH         LINE#         203
  C:1BFBH         LINE#         204
  C:1C0DH         LINE#         205
  C:1C10H         LINE#         206
  C:1C12H         LINE#         207
  -------         ENDPROC       _HALSPIWRITEBURSTREG
  -------         PROC          _HALSPISTROBE
  D:0007H         SYMBOL        strobe
  C:1E2DH         LINE#         215
  C:1E2DH         LINE#         216
  C:1E2DH         LINE#         217
  C:1E2FH         LINE#         218
  C:1E32H         LINE#         219
  C:1E35H         LINE#         220
  C:1E37H         LINE#         221
  -------         ENDPROC       _HALSPISTROBE
  -------         PROC          _HALSPIREADREG
  D:0007H         SYMBOL        addr
  -------         DO            
  D:0007H         SYMBOL        temp
  D:0007H         SYMBOL        value
  -------         ENDDO         
  C:1DA6H         LINE#         233
  C:1DA6H         LINE#         234
  C:1DA6H         LINE#         236
  C:1DAAH         LINE#         237
  C:1DACH         LINE#         238
  C:1DAFH         LINE#         239
  C:1DB2H         LINE#         240
  C:1DB7H         LINE#         241
  C:1DB9H         LINE#         242
  C:1DB9H         LINE#         243
  -------         ENDPROC       _HALSPIREADREG
  -------         PROC          _HALSPIREADBURSTREG
BL51 BANKED LINKER/LOCATER V6.22                                                      03/11/2014  13:42:57  PAGE 9


  D:0007H         SYMBOL        addr
  D:003FH         SYMBOL        buffer
  D:0042H         SYMBOL        count
  -------         DO            
  D:0004H         SYMBOL        i
  D:0007H         SYMBOL        temp
  -------         ENDDO         
  C:1BADH         LINE#         252
  C:1BB3H         LINE#         253
  C:1BB3H         LINE#         255
  C:1BB7H         LINE#         256
  C:1BB9H         LINE#         257
  C:1BBCH         LINE#         258
  C:1BBFH         LINE#         259
  C:1BC7H         LINE#         260
  C:1BC7H         LINE#         261
  C:1BDBH         LINE#         262
  C:1BDEH         LINE#         263
  C:1BE0H         LINE#         264
  -------         ENDPROC       _HALSPIREADBURSTREG
  -------         PROC          _HALSPIREADSTATUS
  D:0007H         SYMBOL        addr
  -------         DO            
  D:0007H         SYMBOL        value
  D:0007H         SYMBOL        temp
  -------         ENDDO         
  C:1DBAH         LINE#         273
  C:1DBAH         LINE#         274
  C:1DBAH         LINE#         276
  C:1DBEH         LINE#         277
  C:1DC0H         LINE#         278
  C:1DC3H         LINE#         279
  C:1DC6H         LINE#         280
  C:1DCBH         LINE#         281
  C:1DCDH         LINE#         282
  C:1DCDH         LINE#         283
  -------         ENDPROC       _HALSPIREADSTATUS
  -------         PROC          HALRFWRITERFSETTINGS
  C:13E9H         LINE#         290
  C:13E9H         LINE#         291
  C:13E9H         LINE#         293
  C:13F0H         LINE#         295
  C:13F7H         LINE#         296
  C:13FEH         LINE#         297
  C:1405H         LINE#         298
  C:140CH         LINE#         299
  C:1413H         LINE#         300
  C:141AH         LINE#         301
  C:1421H         LINE#         302
  C:1428H         LINE#         303
  C:142FH         LINE#         304
  C:1436H         LINE#         305
  C:143DH         LINE#         306
  C:1444H         LINE#         307
  C:144BH         LINE#         308
  C:1452H         LINE#         309
  C:1459H         LINE#         310
BL51 BANKED LINKER/LOCATER V6.22                                                      03/11/2014  13:42:57  PAGE 10


  C:1460H         LINE#         311
  C:1467H         LINE#         312
  C:146EH         LINE#         313
  C:1475H         LINE#         314
  C:147CH         LINE#         315
  C:1483H         LINE#         316
  C:148AH         LINE#         317
  C:1491H         LINE#         318
  C:1498H         LINE#         319
  C:149FH         LINE#         320
  C:14A6H         LINE#         321
  C:14ADH         LINE#         322
  C:14B4H         LINE#         323
  C:14BBH         LINE#         324
  C:14C2H         LINE#         325
  C:14C9H         LINE#         326
  C:14D0H         LINE#         327
  C:14D7H         LINE#         328
  -------         ENDPROC       HALRFWRITERFSETTINGS
  -------         PROC          _HALRFSENDPACKET
  D:0001H         SYMBOL        txBuffer
  D:0035H         SYMBOL        size
  C:1CB3H         LINE#         338
  C:1CB5H         LINE#         339
  C:1CB5H         LINE#         340
  C:1CBAH         LINE#         341
  C:1CC2H         LINE#         343
  C:1CC7H         LINE#         345
  C:1CCCH         LINE#         348
  C:1CCFH         LINE#         350
  C:1CD2H         LINE#         352
  -------         ENDPROC       _HALRFSENDPACKET
  -------         PROC          SETRXMODE
  C:1E62H         LINE#         356
  C:1E62H         LINE#         357
  C:1E62H         LINE#         358
  -------         ENDPROC       SETRXMODE
  -------         PROC          _HALRFRECEIVEPACKET
  D:0035H         SYMBOL        rxBuffer
  D:0038H         SYMBOL        length
  -------         DO            
  D:003BH         SYMBOL        status
  D:003DH         SYMBOL        packetLength
  D:0003H         SYMBOL        i
  -------         ENDDO         
  C:14DEH         LINE#         392
  C:14E4H         LINE#         393
  C:14E4H         LINE#         396
  C:14F2H         LINE#         398
  C:14F7H         LINE#         402
  C:14FEH         LINE#         403
  C:1501H         LINE#         404
  C:1501H         LINE#         405
  C:1508H         LINE#         406
  C:1509H         LINE#         407
  C:150FH         LINE#         408
  C:1512H         LINE#         409
BL51 BANKED LINKER/LOCATER V6.22                                                      03/11/2014  13:42:57  PAGE 11


  C:1512H         LINE#         410
  C:151CH         LINE#         411
  C:151CH         LINE#         412
  C:1523H         LINE#         413
  C:1533H         LINE#         414
  C:1533H         LINE#         416
  C:1541H         LINE#         417
  C:154CH         LINE#         419
  C:155AH         LINE#         420
  C:155FH         LINE#         422
  C:1562H         LINE#         432
  C:1567H         LINE#         433
  C:156AH         LINE#         435
  C:156DH         LINE#         436
  C:156DH         LINE#         438
  C:156DH         LINE#         439
  C:1578H         LINE#         440
  C:157DH         LINE#         441
  C:1580H         LINE#         442
  C:1580H         LINE#         443
  C:1580H         LINE#         445
  C:1582H         LINE#         446
  -------         ENDPROC       _HALRFRECEIVEPACKET
  -------         PROC          GETRSSI
  -------         DO            
  D:0007H         SYMBOL        RSSI
  D:0004H         SYMBOL        RSSI_dB
  -------         ENDDO         
  C:1CFAH         LINE#         454
  C:1CFAH         LINE#         455
  C:1CFAH         LINE#         458
  C:1CFFH         LINE#         459
  C:1D06H         LINE#         460
  C:1D11H         LINE#         462
  C:1D16H         LINE#         463
  C:1D1CH         LINE#         464
  -------         ENDPROC       GETRSSI
  -------         PROC          _SENDPACKET
  D:0043H         SYMBOL        txbuffer
  D:0046H         SYMBOL        size
  D:0047H         SYMBOL        address
  -------         DO            
  X:0019H         SYMBOL        rxbuffer
  D:0048H         SYMBOL        length
  D:0049H         SYMBOL        m
  -------         ENDDO         
  C:1583H         LINE#         466
  C:158BH         LINE#         467
  C:158BH         LINE#         468
  C:159EH         LINE#         469
  C:15A1H         LINE#         470
  C:15A4H         LINE#         471
  C:15A7H         LINE#         472
  C:15AAH         LINE#         473
  C:15ACH         LINE#         477
  C:15AEH         LINE#         479
  C:15B9H         LINE#         480
BL51 BANKED LINKER/LOCATER V6.22                                                      03/11/2014  13:42:57  PAGE 12


  C:15CBH         LINE#         481
  C:15D0H         LINE#         482
  C:15D2H         LINE#         483
  C:15D6H         LINE#         484
  C:15EBH         LINE#         485
  C:15EBH         LINE#         486
  C:15F1H         LINE#         487
  C:15F4H         LINE#         488
  C:15F4H         LINE#         489
  C:15F7H         LINE#         490
  C:15FFH         LINE#         491
  C:1601H         LINE#         492
  C:160BH         LINE#         493
  C:1616H         LINE#         494
  C:1619H         LINE#         495
  C:161BH         LINE#         498
  C:161DH         LINE#         499
  C:161DH         LINE#         503
  C:161FH         LINE#         504
  C:1621H         LINE#         505
  -------         ENDPROC       _SENDPACKET
  -------         PROC          _RECEIVEPACKET
  D:002EH         SYMBOL        rxbuffer
  D:0031H         SYMBOL        length
  -------         DO            
  X:0011H         SYMBOL        txbuffer
  D:0034H         SYMBOL        size
  -------         ENDDO         
  C:1949H         LINE#         507
  C:194FH         LINE#         508
  C:194FH         LINE#         509
  C:1962H         LINE#         510
  C:1965H         LINE#         511
  C:197AH         LINE#         512
  C:198AH         LINE#         513
  C:198DH         LINE#         514
  C:1995H         LINE#         515
  C:19A0H         LINE#         516
  C:19ABH         LINE#         517
  C:19AEH         LINE#         518
  C:19AEH         LINE#         520
  C:19B0H         LINE#         521
  -------         ENDPROC       _RECEIVEPACKET
  -------         ENDMOD        1101

  -------         MODULE        LCD12864A
  C:0000H         SYMBOL        _ICE_DUMMY_
  D:0090H         PUBLIC        P1
  D:00B0H         PUBLIC        P3
  C:0013H         PUBLIC        largedigtal
  B:00B0H.6       PUBLIC        cs1
  D:00A8H         PUBLIC        IE
  B:00B0H.4       PUBLIC        a0
  C:17CFH         PUBLIC        _writedigital
  C:1C31H         PUBLIC        _wdata
  D:00B8H         PUBLIC        IP
  C:017BH         PUBLIC        hanzi
BL51 BANKED LINKER/LOCATER V6.22                                                      03/11/2014  13:42:57  PAGE 13


  C:1AF6H         PUBLIC        _ccwpr
  C:1AB0H         PUBLIC        _disdate_a
  C:1A13H         PUBLIC        _disdate_b
  C:1855H         PUBLIC        _cwpr16
  C:1622H         PUBLIC        _writeonebig
  C:1E42H         PUBLIC        delay_lcd
  C:10C4H         PUBLIC        clr_blank
  C:1C69H         PUBLIC        _write
  B:00B0H.3       PUBLIC        sclk
  C:19B1H         PUBLIC        _Dispchar
  D:0098H         PUBLIC        SCON
  D:0088H         PUBLIC        TCON
  C:1D98H         PUBLIC        _wcom
  C:1A67H         PUBLIC        _cwpr
  C:1D2FH         PUBLIC        delay1
  C:11DCH         PUBLIC        _Dispchar_big
  C:1B38H         PUBLIC        lcd_init
  B:00B0H.2       PUBLIC        di
  C:05C7H         PUBLIC        hanzibig
  C:12EAH         PUBLIC        entermenu
  B:00B0H.5       PUBLIC        rst
  D:00C8H         PUBLIC        T2CON
  C:1746H         PUBLIC        _writeone
  D:00D0H         PUBLIC        PSW
  C:0003H         PUBLIC        success
  -------         PROC          DELAY_LCD
  -------         DO            
  D:0007H         SYMBOL        i
  D:0006H         SYMBOL        j
  -------         ENDDO         
  C:1E42H         LINE#         223
  C:1E42H         LINE#         224
  C:1E42H         LINE#         225
  C:1E44H         LINE#         226
  C:1E4AH         LINE#         227
  -------         ENDPROC       DELAY_LCD
  C:1D29H         SYMBOL        L?0094
  -------         PROC          L?0093
  -------         ENDPROC       L?0093
  C:1D29H         SYMBOL        L?0094
  -------         PROC          DELAY1
  -------         DO            
  D:0007H         SYMBOL        i
  D:0006H         SYMBOL        j
  -------         ENDDO         
  C:1D2FH         LINE#         232
  C:1D2FH         LINE#         233
  C:1D2FH         LINE#         234
  C:1D31H         LINE#         235
  C:1D31H         LINE#         236
  C:1D33H         LINE#         237
  C:1D34H         LINE#         238
  C:1D35H         LINE#         239
  C:1D36H         LINE#         240
  C:1D37H         LINE#         241
  C:1D38H         LINE#         242
  C:1D39H         LINE#         243
BL51 BANKED LINKER/LOCATER V6.22                                                      03/11/2014  13:42:57  PAGE 14


  C:1D3AH         LINE#         244
  C:1D3DH         LINE#         245
  C:1D3FH         LINE#         246
  -------         ENDPROC       DELAY1
  -------         PROC          LCD_INIT
  C:1B38H         LINE#         250
  C:1B38H         LINE#         251
  C:1B38H         LINE#         252
  C:1B3AH         LINE#         253
  C:1B3DH         LINE#         254
  C:1B3FH         LINE#         255
  C:1B42H         LINE#         256
  C:1B47H         LINE#         257
  C:1B4CH         LINE#         258
  C:1B51H         LINE#         259
  C:1B56H         LINE#         260
  C:1B5BH         LINE#         261
  C:1B60H         LINE#         262
  C:1B65H         LINE#         263
  C:1B6AH         LINE#         264
  C:1B6FH         LINE#         265
  C:1B74H         LINE#         266
  C:1B75H         LINE#         267
  C:1B76H         LINE#         268
  -------         ENDPROC       LCD_INIT
  C:1D90H         SYMBOL        L?0099
  C:1D92H         SYMBOL        L?0100
  -------         PROC          L?0098
  -------         ENDPROC       L?0098
  C:1D90H         SYMBOL        L?0099
  C:1D92H         SYMBOL        L?0100
  -------         PROC          _WCOM
  D:0007H         SYMBOL        com
  C:1D98H         LINE#         276
  C:1D98H         LINE#         277
  C:1D98H         LINE#         278
  C:1D9AH         LINE#         279
  C:1D9BH         LINE#         280
  C:1D9DH         LINE#         281
  C:1D9EH         LINE#         282
  C:1DA1H         LINE#         283
  C:1DA2H         LINE#         284
  C:1DA3H         LINE#         285
  C:1DA5H         LINE#         286
  -------         ENDPROC       _WCOM
  C:1C13H         SYMBOL        L?0096
  C:1C2CH         SYMBOL        L?0097
  -------         PROC          L?0095
  -------         ENDPROC       L?0095
  C:1C13H         SYMBOL        L?0096
  C:1C2CH         SYMBOL        L?0097
  -------         PROC          _WDATA
  D:0007H         SYMBOL        dat
  C:1C31H         LINE#         292
  C:1C31H         LINE#         293
  C:1C31H         LINE#         294
  C:1C33H         LINE#         295
BL51 BANKED LINKER/LOCATER V6.22                                                      03/11/2014  13:42:57  PAGE 15


  C:1C34H         LINE#         296
  C:1C36H         LINE#         297
  C:1C37H         LINE#         298
  C:1C3AH         LINE#         299
  C:1C3BH         LINE#         300
  C:1C3CH         LINE#         301
  C:1C3EH         LINE#         302
  -------         ENDPROC       _WDATA
  -------         PROC          _WRITE
  D:0007H         SYMBOL        dat
  -------         DO            
  D:0007H         SYMBOL        s
  D:0006H         SYMBOL        temp
  D:0004H         SYMBOL        i
  -------         ENDDO         
  C:1C69H         LINE#         307
  C:1C69H         LINE#         308
  C:1C69H         LINE#         310
  C:1C6BH         LINE#         311
  C:1C6BH         LINE#         313
  C:1C6FH         LINE#         314
  C:1C71H         LINE#         315
  C:1C72H         LINE#         316
  C:1C73H         LINE#         317
  C:1C76H         LINE#         318
  C:1C78H         LINE#         319
  C:1C7CH         LINE#         320
  C:1C7EH         LINE#         322
  C:1C80H         LINE#         323
  C:1C84H         LINE#         324
  C:1C8DH         LINE#         325
  -------         ENDPROC       _WRITE
  -------         PROC          _CWPR
  D:0050H         SYMBOL        cod
  D:0051H         SYMBOL        page
  D:0052H         SYMBOL        seg
  -------         DO            
  D:0053H         SYMBOL        zmseg
  -------         ENDDO         
  C:1A67H         LINE#         330
  C:1A6DH         LINE#         331
  C:1A6DH         LINE#         333
  C:1A72H         LINE#         334
  C:1A7AH         LINE#         335
  C:1A7FH         LINE#         336
  C:1A87H         LINE#         337
  C:1A8AH         LINE#         338
  C:1A8AH         LINE#         339
  C:1AA6H         LINE#         341
  C:1AAFH         LINE#         342
  -------         ENDPROC       _CWPR
  -------         PROC          _CWPR16
  D:0054H         SYMBOL        cod
  D:0055H         SYMBOL        page
  D:0056H         SYMBOL        seg
  -------         DO            
  D:0057H         SYMBOL        zmseg
BL51 BANKED LINKER/LOCATER V6.22                                                      03/11/2014  13:42:57  PAGE 16


  -------         ENDDO         
  C:1855H         LINE#         348
  C:185BH         LINE#         349
  C:185BH         LINE#         351
  C:1860H         LINE#         352
  C:1868H         LINE#         353
  C:186DH         LINE#         354
  C:1875H         LINE#         355
  C:1878H         LINE#         356
  C:1878H         LINE#         357
  C:1894H         LINE#         358
  C:189DH         LINE#         359
  C:18A5H         LINE#         360
  C:18AAH         LINE#         361
  C:18B2H         LINE#         362
  C:18B5H         LINE#         363
  C:18B5H         LINE#         364
  C:18D1H         LINE#         365
  C:18DAH         LINE#         367
  -------         ENDPROC       _CWPR16
  -------         PROC          L?0102
  -------         ENDPROC       L?0102
  -------         PROC          _WRITEDIGITAL
  D:0034H         SYMBOL        cod
  D:0035H         SYMBOL        page
  D:0036H         SYMBOL        seg
  -------         DO            
  D:0037H         SYMBOL        zmseg
  -------         ENDDO         
  C:17CFH         LINE#         375
  C:17D5H         LINE#         376
  C:17D5H         LINE#         378
  C:17DAH         LINE#         379
  C:17E2H         LINE#         380
  C:17E7H         LINE#         381
  C:17EFH         LINE#         382
  C:17F2H         LINE#         383
  C:17F2H         LINE#         384
  C:180EH         LINE#         385
  C:1817H         LINE#         386
  C:181FH         LINE#         387
  C:1824H         LINE#         388
  C:182CH         LINE#         389
  C:182FH         LINE#         390
  C:182FH         LINE#         391
  C:184BH         LINE#         392
  C:1854H         LINE#         394
  -------         ENDPROC       _WRITEDIGITAL
  -------         PROC          L?0101
  -------         ENDPROC       L?0101
  -------         PROC          _WRITEONE
  D:0058H         SYMBOL        cod
  D:0059H         SYMBOL        page
  D:005AH         SYMBOL        seg
  -------         DO            
  D:005BH         SYMBOL        zmseg
  -------         ENDDO         
BL51 BANKED LINKER/LOCATER V6.22                                                      03/11/2014  13:42:57  PAGE 17


  C:1746H         LINE#         403
  C:174CH         LINE#         404
  C:174CH         LINE#         406
  C:1751H         LINE#         407
  C:1759H         LINE#         408
  C:175EH         LINE#         409
  C:1766H         LINE#         410
  C:1769H         LINE#         411
  C:1769H         LINE#         412
  C:1785H         LINE#         413
  C:178EH         LINE#         414
  C:1796H         LINE#         415
  C:179BH         LINE#         416
  C:17A3H         LINE#         417
  C:17A6H         LINE#         418
  C:17A6H         LINE#         419
  C:17C2H         LINE#         420
  C:17CBH         LINE#         421
  -------         ENDPROC       _WRITEONE
  -------         PROC          _WRITEONEBIG
  D:005CH         SYMBOL        cod
  D:005DH         SYMBOL        page
  D:005EH         SYMBOL        seg
  -------         DO            
  D:005FH         SYMBOL        zmseg
  -------         ENDDO         
  C:1622H         LINE#         429
  C:1628H         LINE#         430
  C:1628H         LINE#         433
  C:162DH         LINE#         434
  C:1635H         LINE#         435
  C:1638H         LINE#         436
  C:1640H         LINE#         437
  C:1643H         LINE#         438
  C:1643H         LINE#         439
  C:1646H         LINE#         440
  C:164FH         LINE#         442
  C:1657H         LINE#         443
  C:165AH         LINE#         444
  C:1662H         LINE#         445
  C:1665H         LINE#         446
  C:1665H         LINE#         447
  C:1668H         LINE#         448
  C:1671H         LINE#         450
  C:1679H         LINE#         451
  C:167CH         LINE#         452
  C:1684H         LINE#         453
  C:1687H         LINE#         454
  C:1687H         LINE#         455
  C:168AH         LINE#         456
  C:1693H         LINE#         458
  C:169BH         LINE#         459
  C:169EH         LINE#         460
  C:16A6H         LINE#         461
  C:16A9H         LINE#         462
  C:16A9H         LINE#         463
  C:16ACH         LINE#         464
BL51 BANKED LINKER/LOCATER V6.22                                                      03/11/2014  13:42:57  PAGE 18


  C:16B5H         LINE#         466
  -------         ENDPROC       _WRITEONEBIG
  -------         PROC          _CCWPR
  D:0064H         SYMBOL        cod
  D:0065H         SYMBOL        page
  D:0066H         SYMBOL        seg
  -------         DO            
  D:0007H         SYMBOL        zmseg
  -------         ENDDO         
  C:1AF6H         LINE#         471
  C:1AFCH         LINE#         472
  C:1AFCH         LINE#         474
  C:1B01H         LINE#         475
  C:1B09H         LINE#         476
  C:1B0EH         LINE#         477
  C:1B16H         LINE#         478
  C:1B18H         LINE#         479
  C:1B18H         LINE#         482
  C:1B1CH         LINE#         484
  C:1B24H         LINE#         486
  C:1B29H         LINE#         488
  C:1B31H         LINE#         490
  C:1B33H         LINE#         491
  C:1B33H         LINE#         494
  C:1B37H         LINE#         496
  -------         ENDPROC       _CCWPR
  -------         PROC          _DISDATE_A
  D:002EH         SYMBOL        dat_a
  D:002FH         SYMBOL        dat_b
  -------         DO            
  D:0030H         SYMBOL        seg
  D:0032H         SYMBOL        page
  -------         ENDDO         
  C:1AB0H         LINE#         501
  C:1AB4H         LINE#         502
  C:1AB4H         LINE#         505
  C:1AB7H         LINE#         506
  C:1ABCH         LINE#         507
  C:1AC1H         LINE#         508
  C:1AC6H         LINE#         510
  C:1ACBH         LINE#         511
  C:1AD0H         LINE#         512
  C:1AD5H         LINE#         513
  C:1AE8H         LINE#         514
  C:1AF1H         LINE#         515
  -------         ENDPROC       _DISDATE_A
  -------         PROC          _DISDATE_B
  D:004AH         SYMBOL        p
  -------         DO            
  D:004DH         SYMBOL        seg
  D:004FH         SYMBOL        page
  -------         ENDDO         
  C:1A13H         LINE#         523
  C:1A19H         LINE#         524
  C:1A19H         LINE#         527
  C:1A1EH         LINE#         528
  C:1A21H         LINE#         529
BL51 BANKED LINKER/LOCATER V6.22                                                      03/11/2014  13:42:57  PAGE 19


  C:1A21H         LINE#         530
  C:1A26H         LINE#         531
  C:1A2BH         LINE#         532
  C:1A30H         LINE#         534
  C:1A35H         LINE#         535
  C:1A35H         LINE#         536
  C:1A4AH         LINE#         537
  C:1A5DH         LINE#         538
  C:1A66H         LINE#         539
  -------         ENDPROC       _DISDATE_B
  -------         PROC          CLR_BLANK
  C:10C4H         LINE#         542
  C:10C4H         LINE#         543
  C:10C4H         LINE#         544
  C:10C9H         LINE#         545
  C:10D2H         LINE#         546
  C:10DBH         LINE#         547
  C:10E4H         LINE#         548
  C:10EDH         LINE#         549
  C:10F6H         LINE#         550
  C:10FFH         LINE#         551
  C:1108H         LINE#         554
  C:1111H         LINE#         555
  C:111AH         LINE#         556
  C:1123H         LINE#         557
  C:112CH         LINE#         558
  C:1135H         LINE#         559
  C:113EH         LINE#         560
  C:1147H         LINE#         561
  C:1150H         LINE#         563
  C:1155H         LINE#         564
  C:115EH         LINE#         565
  C:1167H         LINE#         566
  C:1170H         LINE#         567
  C:1179H         LINE#         568
  C:1182H         LINE#         569
  C:118BH         LINE#         570
  C:1194H         LINE#         572
  C:119DH         LINE#         573
  C:11A6H         LINE#         574
  C:11AFH         LINE#         575
  C:11B8H         LINE#         576
  C:11C1H         LINE#         577
  C:11CAH         LINE#         578
  C:11D3H         LINE#         579
  -------         ENDPROC       CLR_BLANK
  -------         PROC          ENTERMENU
  C:12EAH         LINE#         585
  C:12EAH         LINE#         586
  C:12EAH         LINE#         587
  C:12F3H         LINE#         588
  C:12F3H         LINE#         589
  C:12F3H         LINE#         590
  C:12F6H         LINE#         591
  C:12FFH         LINE#         592
  C:12FFH         LINE#         593
  C:12FFH         LINE#         594
BL51 BANKED LINKER/LOCATER V6.22                                                      03/11/2014  13:42:57  PAGE 20


  C:1302H         LINE#         595
  C:130BH         LINE#         596
  C:130BH         LINE#         597
  C:130BH         LINE#         598
  C:130EH         LINE#         599
  C:1317H         LINE#         600
  C:1317H         LINE#         601
  C:1317H         LINE#         602
  C:131AH         LINE#         603
  C:1323H         LINE#         604
  C:1323H         LINE#         605
  C:1323H         LINE#         606
  C:1326H         LINE#         607
  C:132FH         LINE#         608
  C:132FH         LINE#         609
  C:132FH         LINE#         610
  C:1332H         LINE#         611
  C:133BH         LINE#         612
  C:133BH         LINE#         613
  C:133BH         LINE#         614
  C:133EH         LINE#         615
  C:1347H         LINE#         616
  C:1347H         LINE#         617
  C:1347H         LINE#         618
  C:1347H         LINE#         619
  C:1347H         LINE#         620
  C:1347H         LINE#         621
  C:1347H         LINE#         622
  C:134AH         LINE#         623
  C:134DH         LINE#         624
  C:134DH         LINE#         625
  C:134DH         LINE#         626
  C:134DH         LINE#         627
  C:134DH         LINE#         628
  C:134DH         LINE#         629
  C:134DH         LINE#         630
  C:1350H         LINE#         631
  C:1359H         LINE#         632
  C:1362H         LINE#         633
  C:136BH         LINE#         634
  C:1374H         LINE#         635
  C:137DH         LINE#         636
  C:1386H         LINE#         637
  C:138FH         LINE#         638
  C:1398H         LINE#         639
  C:13A1H         LINE#         640
  C:13AAH         LINE#         641
  C:13B3H         LINE#         642
  C:13BCH         LINE#         643
  C:13C5H         LINE#         644
  C:13CEH         LINE#         645
  C:13D7H         LINE#         646
  C:13E0H         LINE#         647
  -------         ENDPROC       ENTERMENU
  -------         PROC          _DISPCHAR
  D:002EH         SYMBOL        dat
  D:0030H         SYMBOL        page
BL51 BANKED LINKER/LOCATER V6.22                                                      03/11/2014  13:42:57  PAGE 21


  D:0031H         SYMBOL        seg
  -------         DO            
  D:0003H         SYMBOL        baiwei
  D:0032H         SYMBOL        shiwei
  D:0033H         SYMBOL        gewei
  -------         ENDDO         
  C:19B1H         LINE#         655
  C:19B9H         LINE#         656
  C:19B9H         LINE#         665
  C:19C2H         LINE#         666
  C:19DBH         LINE#         667
  C:19F2H         LINE#         668
  C:19FBH         LINE#         669
  C:1A07H         LINE#         670
  -------         ENDPROC       _DISPCHAR
  -------         PROC          _DISPCHAR_BIG
  D:0060H         SYMBOL        dat
  D:0062H         SYMBOL        page
  D:0063H         SYMBOL        seg
  -------         DO            
  X:0029H         SYMBOL        wanwei
  X:002AH         SYMBOL        qianwei
  X:002BH         SYMBOL        baiwei
  X:002CH         SYMBOL        shiwei
  X:002DH         SYMBOL        gewei
  -------         ENDDO         
  C:11DCH         LINE#         673
  C:11E4H         LINE#         674
  C:11E4H         LINE#         676
  C:11EDH         LINE#         677
  C:11F4H         LINE#         679
  C:11F4H         LINE#         680
  C:11FDH         LINE#         681
  C:1208H         LINE#         682
  C:1208H         LINE#         683
  C:1218H         LINE#         684
  C:1238H         LINE#         685
  C:125EH         LINE#         686
  C:1277H         LINE#         687
  C:12A8H         LINE#         688
  C:12B1H         LINE#         689
  C:12BDH         LINE#         690
  C:12CCH         LINE#         691
  C:12DBH         LINE#         692
  -------         ENDPROC       _DISPCHAR_BIG
  -------         ENDMOD        LCD12864A

  -------         MODULE        MAIN
  C:0000H         SYMBOL        _ICE_DUMMY_
  D:0080H         PUBLIC        P0
  D:0090H         PUBLIC        P1
  D:00A0H         PUBLIC        P2
  D:00B0H         PUBLIC        P3
  D:00C0H         PUBLIC        P4
  B:00C0H.0       PUBLIC        LED1
  B:00C0H.3       PUBLIC        LED2
  D:00A8H         PUBLIC        IE
BL51 BANKED LINKER/LOCATER V6.22                                                      03/11/2014  13:42:57  PAGE 22


  D:00B8H         PUBLIC        IP
  X:0021H         PUBLIC        PaTabel
  B:00B0H.7       PUBLIC        BELL
  C:09C8H         PUBLIC        main
  B:0090H.5       PUBLIC        back_lcd
  D:0098H         PUBLIC        SCON
  D:0089H         PUBLIC        TMOD
  D:0088H         PUBLIC        TCON
  D:006AH         PUBLIC        RSSI
  C:1E1FH         SYMBOL        _?ix1000
  C:1E25H         SYMBOL        _?ix1001
  B:0088H.7       PUBLIC        TF1
  D:008DH         PUBLIC        TH1
  D:008BH         PUBLIC        TL1
  B:0088H.6       PUBLIC        TR1
  D:00C8H         PUBLIC        T2CON
  D:00D0H         PUBLIC        PSW
  -------         PROC          MAIN
  -------         DO            
  D:002DH         SYMBOL        ss
  X:0000H         SYMBOL        leng
  X:0001H         SYMBOL        tt
  X:0002H         SYMBOL        TxBuf
  X:0008H         SYMBOL        RxBuf
  X:0010H         SYMBOL        biaohao
  -------         ENDDO         
  C:09C8H         LINE#         22
  C:09C8H         LINE#         23
  C:09C8H         LINE#         24
  C:09CBH         LINE#         25
  C:09D1H         LINE#         26
  C:09D4H         LINE#         27
  C:09E6H         LINE#         28
  C:09F9H         LINE#         29
  C:09FEH         LINE#         30
  C:0A00H         LINE#         31
  C:0A02H         LINE#         32
  C:0A04H         LINE#         34
  C:0A06H         LINE#         35
  C:0A09H         LINE#         36
  C:0A0CH         LINE#         37
  C:0A0FH         LINE#         38
  C:0A12H         LINE#         39
  C:0A18H         LINE#         40
  C:0A1BH         LINE#         41
  C:0A1EH         LINE#         42
  C:0A21H         LINE#         44
  C:0A24H         LINE#         45
  C:0A27H         LINE#         46
  C:0A2AH         LINE#         50
  C:0A2DH         LINE#         51
  C:0A30H         LINE#         52
  C:0A33H         LINE#         53
  C:0A41H         LINE#         54
  C:0A43H         LINE#         60
  C:0A45H         LINE#         61
  C:0A47H         LINE#         62
BL51 BANKED LINKER/LOCATER V6.22                                                      03/11/2014  13:42:57  PAGE 23


  C:0A49H         LINE#         64
  C:0A4CH         LINE#         65
  C:0A4FH         LINE#         66
  C:0A52H         LINE#         67
  C:0A54H         LINE#         68
  C:0A56H         LINE#         70
  C:0A5CH         LINE#         71
  C:0A60H         LINE#         72
  C:0A66H         LINE#         73
  C:0A6BH         LINE#         74
  C:0A6DH         LINE#         76
  C:0A72H         LINE#         77
  C:0A84H         LINE#         78
  C:0A96H         LINE#         79
  C:0AA8H         LINE#         80
  C:0ABAH         LINE#         81
  C:0ACCH         LINE#         82
  C:0ADEH         LINE#         83
  C:0AF0H         LINE#         84
  C:0B02H         LINE#         85
  C:0B14H         LINE#         86
  C:0B1AH         LINE#         87
  C:0B2CH         LINE#         88
  C:0B3EH         LINE#         89
  C:0B50H         LINE#         90
  C:0B5BH         LINE#         91
  C:0B5BH         LINE#         92
  C:0B5DH         LINE#         93
  C:0B6BH         LINE#         94
  C:0B70H         LINE#         96
  C:0B70H         LINE#         97
  C:0B70H         LINE#         100
  C:0B76H         LINE#         101
  C:0B7CH         LINE#         102
  C:0B84H         LINE#         103
  C:0B8AH         LINE#         104
  C:0B8FH         LINE#         105
  C:0B91H         LINE#         107
  C:0B96H         LINE#         108
  C:0BA8H         LINE#         109
  C:0BBAH         LINE#         110
  C:0BCCH         LINE#         111
  C:0BDEH         LINE#         112
  C:0BF0H         LINE#         113
  C:0C02H         LINE#         114
  C:0C14H         LINE#         115
  C:0C26H         LINE#         116
  C:0C38H         LINE#         117
  C:0C3EH         LINE#         118
  C:0C50H         LINE#         119
  C:0C62H         LINE#         120
  C:0C74H         LINE#         121
  C:0C7FH         LINE#         122
  C:0C7FH         LINE#         123
  C:0C81H         LINE#         124
  C:0C8FH         LINE#         125
  C:0C94H         LINE#         126
BL51 BANKED LINKER/LOCATER V6.22                                                      03/11/2014  13:42:57  PAGE 24


  C:0C94H         LINE#         127
  C:0C97H         LINE#         128
  C:0C9AH         LINE#         129
  C:0C9CH         LINE#         130
  C:0C9CH         LINE#         133
  C:0CB4H         LINE#         134
  C:0CB4H         LINE#         135
  C:0CBFH         LINE#         136
  C:0CCBH         LINE#         137
  C:0CCDH         LINE#         143
  C:0CDBH         LINE#         144
  C:0CE9H         LINE#         145
  C:0CF7H         LINE#         146
  C:0D05H         LINE#         147
  C:0D13H         LINE#         148
  C:0D15H         LINE#         149
  C:0D17H         LINE#         150
  C:0D17H         LINE#         151
  C:0D2BH         LINE#         152
  C:0D2DH         LINE#         158
  C:0D3BH         LINE#         159
  C:0D49H         LINE#         160
  C:0D57H         LINE#         161
  C:0D65H         LINE#         162
  C:0D73H         LINE#         163
  C:0D75H         LINE#         164
  C:0D77H         LINE#         165
  C:0D77H         LINE#         166
  C:0D8EH         LINE#         167
  C:0D90H         LINE#         173
  C:0D9EH         LINE#         174
  C:0DACH         LINE#         175
  C:0DBAH         LINE#         176
  C:0DC8H         LINE#         177
  C:0DD6H         LINE#         178
  C:0DD8H         LINE#         179
  C:0DDAH         LINE#         183
  C:0DE0H         LINE#         184
  C:0DE5H         LINE#         185
  C:0DE7H         LINE#         187
  C:0DECH         LINE#         188
  C:0DFEH         LINE#         189
  C:0E10H         LINE#         190
  C:0E22H         LINE#         191
  C:0E34H         LINE#         192
  C:0E46H         LINE#         193
  C:0E58H         LINE#         194
  C:0E6AH         LINE#         195
  C:0E7CH         LINE#         196
  C:0E8EH         LINE#         197
  C:0E94H         LINE#         198
  C:0E9FH         LINE#         199
  C:0E9FH         LINE#         200
  C:0EA1H         LINE#         201
  C:0EAFH         LINE#         202
  C:0EB4H         LINE#         205
  C:0EB4H         LINE#         206
BL51 BANKED LINKER/LOCATER V6.22                                                      03/11/2014  13:42:57  PAGE 25


  C:0EB4H         LINE#         207
  -------         ENDPROC       MAIN
  -------         ENDMOD        MAIN

  -------         MODULE        SERVER
  C:0000H         SYMBOL        _ICE_DUMMY_
  D:0080H         PUBLIC        P0
  D:0090H         PUBLIC        P1
  D:00A0H         PUBLIC        P2
  D:00B0H         PUBLIC        P3
  D:00C0H         PUBLIC        P4
  C:1E00H         PUBLIC        delay_1ms
  D:00A8H         PUBLIC        IE
  D:00B8H         PUBLIC        IP
  B:0098H.0       PUBLIC        RI
  B:0098H.1       PUBLIC        TI
  C:1C8EH         PUBLIC        _print_string
  C:1E4BH         PUBLIC        _Sendchar
  D:0099H         PUBLIC        SBUF
  D:0098H         PUBLIC        SCON
  D:0089H         PUBLIC        TMOD
  D:0088H         PUBLIC        TCON
  D:008DH         PUBLIC        TH1
  D:008BH         PUBLIC        TL1
  C:1D77H         PUBLIC        _delay_ms
  C:1E10H         PUBLIC        UART_init
  B:0088H.6       PUBLIC        TR1
  C:1E53H         PUBLIC        UART_ReceiveChar
  D:00C8H         PUBLIC        T2CON
  C:18DBH         PUBLIC        _Send_int8
  D:00D0H         PUBLIC        PSW
  -------         PROC          UART_INIT
  C:1E10H         LINE#         6
  C:1E10H         LINE#         7
  C:1E10H         LINE#         8
  C:1E13H         LINE#         9
  C:1E16H         LINE#         10
  C:1E19H         LINE#         11
  C:1E1CH         LINE#         13
  C:1E1EH         LINE#         15
  -------         ENDPROC       UART_INIT
  -------         PROC          _SENDCHAR
  D:0007H         SYMBOL        cha
  C:1E4BH         LINE#         18
  C:1E4BH         LINE#         19
  C:1E4BH         LINE#         20
  C:1E4DH         LINE#         21
  C:1E50H         LINE#         22
  C:1E52H         LINE#         23
  -------         ENDPROC       _SENDCHAR
  -------         PROC          _PRINT_STRING
  D:0067H         SYMBOL        p
  C:1C8EH         LINE#         26
  C:1C94H         LINE#         27
  C:1C94H         LINE#         28
  C:1C9FH         LINE#         29
  C:1C9FH         LINE#         30
BL51 BANKED LINKER/LOCATER V6.22                                                      03/11/2014  13:42:57  PAGE 26


  C:1CB0H         LINE#         31
  C:1CB2H         LINE#         32
  -------         ENDPROC       _PRINT_STRING
  -------         PROC          _SEND_INT8
  D:0002H         SYMBOL        int8
  -------         DO            
  D:006BH         SYMBOL        bw
  D:0006H         SYMBOL        sw
  D:0005H         SYMBOL        gw
  -------         ENDDO         
  C:18DBH         LINE#         34
  C:18DFH         LINE#         35
  C:18DFH         LINE#         37
  C:18EAH         LINE#         38
  C:18EAH         LINE#         39
  C:18ECH         LINE#         40
  C:18EEH         LINE#         42
  C:18EEH         LINE#         43
  C:18F5H         LINE#         44
  C:18FAH         LINE#         45
  C:18FAH         LINE#         46
  C:1907H         LINE#         47
  C:191EH         LINE#         48
  C:1933H         LINE#         49
  C:193BH         LINE#         50
  C:1942H         LINE#         51
  -------         ENDPROC       _SEND_INT8
  -------         PROC          UART_RECEIVECHAR
  -------         DO            
  D:0007H         SYMBOL        c
  -------         ENDDO         
  C:1E53H         LINE#         55
  C:1E53H         LINE#         56
  C:1E53H         LINE#         58
  C:1E56H         LINE#         59
  C:1E58H         LINE#         60
  C:1E5AH         LINE#         61
  C:1E5AH         LINE#         62
  -------         ENDPROC       UART_RECEIVECHAR
  -------         PROC          DELAY_1MS
  -------         DO            
  D:0006H         SYMBOL        i
  -------         ENDDO         
  C:1E00H         LINE#         64
  C:1E00H         LINE#         65
  C:1E00H         LINE#         68
  C:1E0FH         LINE#         69
  -------         ENDPROC       DELAY_1MS
  -------         PROC          _DELAY_MS
  D:0004H         SYMBOL        n
  -------         DO            
  D:0002H         SYMBOL        i
  -------         ENDDO         
  C:1D77H         LINE#         71
  C:1D7BH         LINE#         72
  C:1D7BH         LINE#         75
  C:1D85H         LINE#         76
BL51 BANKED LINKER/LOCATER V6.22                                                      03/11/2014  13:42:57  PAGE 27


  C:1D8FH         LINE#         77
  -------         ENDPROC       _DELAY_MS
  -------         ENDMOD        SERVER

  -------         MODULE        ?C?COPY
  C:0F87H         PUBLIC        ?C?COPY
  -------         ENDMOD        ?C?COPY

  -------         MODULE        ?C?CLDPTR
  C:0FADH         PUBLIC        ?C?CLDPTR
  -------         ENDMOD        ?C?CLDPTR

  -------         MODULE        ?C?CLDOPTR
  C:0FC6H         PUBLIC        ?C?CLDOPTR
  -------         ENDMOD        ?C?CLDOPTR

  -------         MODULE        ?C?CSTPTR
  C:0FF3H         PUBLIC        ?C?CSTPTR
  -------         ENDMOD        ?C?CSTPTR

  -------         MODULE        ?C?CSTOPTR
  C:1005H         PUBLIC        ?C?CSTOPTR
  -------         ENDMOD        ?C?CSTOPTR

  -------         MODULE        ?C?IMUL
  C:1027H         PUBLIC        ?C?IMUL
  -------         ENDMOD        ?C?IMUL

  -------         MODULE        ?C?UIDIV
  C:1039H         PUBLIC        ?C?UIDIV
  -------         ENDMOD        ?C?UIDIV

  -------         MODULE        ?C?SIDIV
  C:108EH         PUBLIC        ?C?SIDIV
  -------         ENDMOD        ?C?SIDIV

*** WARNING L16: UNCALLED SEGMENT, IGNORED FOR OVERLAY PROCESS
    SEGMENT: ?PR?SETRXMODE?1101

*** WARNING L16: UNCALLED SEGMENT, IGNORED FOR OVERLAY PROCESS
    SEGMENT: ?PR?GETRSSI?1101

*** WARNING L16: UNCALLED SEGMENT, IGNORED FOR OVERLAY PROCESS
    SEGMENT: ?PR?_SENDPACKET?1101

*** WARNING L16: UNCALLED SEGMENT, IGNORED FOR OVERLAY PROCESS
    SEGMENT: ?PR?_CWPR?LCD12864A

*** WARNING L16: UNCALLED SEGMENT, IGNORED FOR OVERLAY PROCESS
    SEGMENT: ?PR?_CWPR16?LCD12864A

*** WARNING L16: UNCALLED SEGMENT, IGNORED FOR OVERLAY PROCESS
    SEGMENT: ?PR?_CCWPR?LCD12864A

*** WARNING L16: UNCALLED SEGMENT, IGNORED FOR OVERLAY PROCESS
    SEGMENT: ?PR?_DISDATE_B?LCD12864A

BL51 BANKED LINKER/LOCATER V6.22                                                      03/11/2014  13:42:57  PAGE 28


*** WARNING L16: UNCALLED SEGMENT, IGNORED FOR OVERLAY PROCESS
    SEGMENT: ?PR?ENTERMENU?LCD12864A

*** WARNING L16: UNCALLED SEGMENT, IGNORED FOR OVERLAY PROCESS
    SEGMENT: ?PR?_DISPCHAR_BIG?LCD12864A

*** WARNING L16: UNCALLED SEGMENT, IGNORED FOR OVERLAY PROCESS
    SEGMENT: ?PR?UART_INIT?SERVER

*** WARNING L16: UNCALLED SEGMENT, IGNORED FOR OVERLAY PROCESS
    SEGMENT: ?PR?_PRINT_STRING?SERVER

*** WARNING L16: UNCALLED SEGMENT, IGNORED FOR OVERLAY PROCESS
    SEGMENT: ?PR?_SEND_INT8?SERVER

*** WARNING L16: UNCALLED SEGMENT, IGNORED FOR OVERLAY PROCESS
    SEGMENT: ?PR?UART_RECEIVECHAR?SERVER

Program Size: data=109.0 xdata=46 code=7783
LINK/LOCATE RUN COMPLETE.  13 WARNING(S),  0 ERROR(S)
